SQL> 
SQL> 
SQL> DROP TABLE Segment CASCADE CONSTRAINTS;

Table dropped.

SQL> DROP TABLE Salle CASCADE CONSTRAINTS;

Table dropped.

SQL> DROP TABLE Poste CASCADE CONSTRAINTS;

Table dropped.

SQL> DROP TABLE Logiciel CASCADE CONSTRAINTS;

Table dropped.

SQL> DROP TABLE Installer;

Table dropped.

SQL> DROP TABLE Types CASCADE CONSTRAINTS;

Table dropped.

SQL> 
SQL> CREATE TABLE Segment
  2  (
  3      aIP VARCHAR2(20),
  4      nomSegement VARCHAR2(20) NOT NULL,
  5      etage INT,
  6      CONSTRAINT PK_Segment PRIMARY KEY (aIP)
  7  );

Table created.

SQL> 
SQL> 
SQL> 
SQL> 
SQL> 
SQL> CREATE TABLE Salle
  2  (
  3      nSalle INT ,
  4      nomSalle VARCHAR2(20) NOT NULL,
  5      nbPoste INT,
  6      aIP VARCHAR2(20),
  7      CONSTRAINT PK_Salle PRIMARY KEY (nSalle)
  8  );

Table created.

SQL> 
SQL> CREATE TABLE Poste
  2  (
  3      nPoste INT ,
  4      nomPoste VARCHAR2 (20) NOT NULL,
  5      aIP VARCHAR2(20),
  6      ad INT CHECK (ad >= 0 AND ad <= 255),
  7      typePoste VARCHAR2(20) CHECK (typePoste IN ('UNIX', 'TX', 'PONS', 'PCNT')),
  8      nSalle INT,
  9      CONSTRAINT PK_Poste PRIMARY KEY (nPoste)
 10  );

Table created.

SQL> 
SQL> CREATE TABLE Logiciel
  2  (
  3      nLog INT,
  4      nomLog VARCHAR2(20),
  5      dateAch DATE,
  6      version VARCHAR2(5),
  7      typeLog VARCHAR2(10) CHECK (typeLog IN ('UNIX', 'TX', 'PCWS', 'PCNT','BeOS')),
  8      prix INT CHECK (prix >= 0),
  9      CONSTRAINT PK_Logiciel PRIMARY KEY (nLog)
 10  );

Table created.

SQL> 
SQL> CREATE TABLE Installer
  2  (
  3      nPoste INT ,
  4      nLog INT ,
  5      numIns INT,
  6      dateIns DATE DEFAULT CURRENT_TIMESTAMP,
  7      delai INTERVAL YEAR TO MONTH, --VARCHAR2(80),--INTERVAL YEAR TO MONTH,
  8      CONSTRAINT PK_Installer PRIMARY KEY (nPoste,nLog)
  9  );

Table created.

SQL> 
SQL> CREATE TABLE Types
  2  (
  3      typeLp  VARCHAR2(20) ,
  4      nomType VARCHAR2(30),
  5      CONSTRAINT PK_Types PRIMARY KEY (typeLp)
  6  );

Table created.

SQL> 
SQL> 
SQL> 
SQL> 
SQL> INSERT INTO Segment VALUES('130.120.80','Brain',0);

1 row created.

SQL> INSERT INTO Segment VALUES('130.120.81','Brain 1',1);

1 row created.

SQL> INSERT INTO Segment VALUES('130.120.82','Brain 2',2);

1 row created.

SQL> 
SQL> INSERT INTO Salle VALUES(1,'Salle 1',3,'130.120.80');

1 row created.

SQL> INSERT INTO Salle VALUES(2,'Salle 2',2,'130.120.80');

1 row created.

SQL> INSERT INTO Salle VALUES(3,'Salle 3',2,'130.120.80');

1 row created.

SQL> INSERT INTO Salle VALUES(11,'Salle 11',2,'130.120.81');

1 row created.

SQL> INSERT INTO Salle VALUES(12'Salle 21',1,'130.120.81');
INSERT INTO Salle VALUES(12'Salle 21',1,'130.120.81')
                           *
ERROR at line 1:
ORA-00917: missing comma 


SQL> INSERT INTO Salle VALUES(21,'Salle 21',2,'130.120.82');

1 row created.

SQL> INSERT INTO Salle VALUES(22,'Salle 22',0,'130.120.83');

1 row created.

SQL> INSERT INTO Salle VALUES(23,'Salle 23',0,'130.120.83');

1 row created.

SQL> 
SQL> 
SQL> 
SQL> INSERT INTO Types VALUES('TX','Terminal X-Windows');

1 row created.

SQL> INSERT INTO Types VALUES('UNIX','Systeme UNIX');

1 row created.

SQL> INSERT INTO Types VALUES('PCNT','PC Windows NT');

1 row created.

SQL> INSERT INTO Types VALUES('PCWS','PC Windows');

1 row created.

SQL> INSERT INTO Types VALUES('NC','Network Computer');

1 row created.

SQL> 
SQL> 
SQL> 
SQL> 
SQL> INSERT INTO Poste VALUES(1, 'Poste 1','130.120.80',01,'TX',01);

1 row created.

SQL> INSERT INTO Poste VALUES(2, 'Poste 2','130.120.80',02,'UNIX',01);

1 row created.

SQL> INSERT INTO Poste VALUES(3, 'Poste 3','130.120.80',03,'TX',01);

1 row created.

SQL> INSERT INTO Poste VALUES(4, 'Poste 4','130.120.80',04,'PCWS',02);
INSERT INTO Poste VALUES(4, 'Poste 4','130.120.80',04,'PCWS',02)
*
ERROR at line 1:
ORA-02290: check constraint (SYS.SYS_C008306) violated 


SQL> INSERT INTO Poste VALUES(5, 'Poste 5','130.120.80',05,'PCWS',02);
INSERT INTO Poste VALUES(5, 'Poste 5','130.120.80',05,'PCWS',02)
*
ERROR at line 1:
ORA-02290: check constraint (SYS.SYS_C008306) violated 


SQL> INSERT INTO Poste VALUES(6, 'Poste 6','130.120.80',06,'UNIX',03);

1 row created.

SQL> INSERT INTO Poste VALUES(7, 'Poste 7','130.120.80',07,'TX',03);

1 row created.

SQL> INSERT INTO Poste VALUES(8, 'Poste 8','130.120.81',01,'UNIX',11);

1 row created.

SQL> INSERT INTO Poste VALUES(9, 'Poste 9','130.120.81',02,'TX',11);

1 row created.

SQL> INSERT INTO Poste VALUES(10, 'Poste 10','130.120.81',03,'UNIX',12);

1 row created.

SQL> INSERT INTO Poste VALUES(11, 'Poste 11','130.120.82',01,'PCNT',21);

1 row created.

SQL> INSERT INTO Poste VALUES(12, 'Poste 12','130.120.82',02,'PCWS',21);
INSERT INTO Poste VALUES(12, 'Poste 12','130.120.82',02,'PCWS',21)
*
ERROR at line 1:
ORA-02290: check constraint (SYS.SYS_C008306) violated 


SQL> 
SQL> 
SQL> INSERT INTO Logiciel VALUES(1 , 'Oracle 6',TO_DATE('1995-05-13', 'YYYY-MM-DD'),'6.2','UNIX',3000);

1 row created.

SQL> INSERT INTO Logiciel VALUES(2 , 'Oracle 8',TO_DATE('1999-09-15', 'YYYY-MM-DD'),'8i','UNIX',5600);

1 row created.

SQL> INSERT INTO Logiciel VALUES(3 , 'SQL Server',TO_DATE('1998-04-12', 'YYYY-MM-DD'),'7','PCNT',2700);

1 row created.

SQL> INSERT INTO Logiciel VALUES(4 , 'Front Page',TO_DATE('1997-06-03', 'YYYY-MM-DD'),'5','PCWS',500);

1 row created.

SQL> INSERT INTO Logiciel VALUES(5 , 'WinDev',TO_DATE('1997-05-12', 'YYYY-MM-DD'),'5','PCWS',750);

1 row created.

SQL> INSERT INTO Logiciel (nLog,nomLog,version,typeLog,prix) VALUES(6 , 'SQL*Net ','2.0','UNIX',500);

1 row created.

SQL> INSERT INTO Logiciel  VALUES(7 , 'I.I.S',TO_DATE('2002-04-12', 'YYYY-MM-DD'),'2','PCNT',810);

1 row created.

SQL> INSERT INTO Logiciel VALUES(8 , 'DreamWeaver',TO_DATE('2003-09-21', 'YYYY-MM-DD'),'2.0','BeOS',1400);

1 row created.

SQL> 
SQL> 
SQL> 
SQL> 
SQL> INSERT INTO Installer VALUES(2,1,1,TO_DATE('2003-05-15', 'YYYY-MM-DD'), NULL);

1 row created.

SQL> INSERT INTO Installer VALUES(2,2,2,TO_DATE('2003-09-17', 'YYYY-MM-DD'), NULL);

1 row created.

SQL> INSERT INTO Installer (nPoste,nLog,numIns) VALUES(4,5,3);

1 row created.

SQL> INSERT INTO Installer VALUES(6,6,4,TO_DATE('2003-05-20', 'YYYY-MM-DD'), NULL);

1 row created.

SQL> INSERT INTO Installer VALUES(6,1,5,TO_DATE('2003-05-20', 'YYYY-MM-DD'), NULL);

1 row created.

SQL> INSERT INTO Installer VALUES(8,2,6,TO_DATE('2003-05-19', 'YYYY-MM-DD'), NULL);

1 row created.

SQL> INSERT INTO Installer VALUES(8,6,7,TO_DATE('2003-05-20', 'YYYY-MM-DD'), NULL);

1 row created.

SQL> INSERT INTO Installer VALUES(11,3,8,TO_DATE('2003-04-20', 'YYYY-MM-DD'), NULL);

1 row created.

SQL> INSERT INTO Installer VALUES(12,4,9,TO_DATE('2003-04-20', 'YYYY-MM-DD'), NULL);

1 row created.

SQL> INSERT INTO Installer VALUES(11,7,10,TO_DATE('2003-04-20', 'YYYY-MM-DD'), NULL);

1 row created.

SQL> INSERT INTO Installer VALUES(7,7,11,TO_DATE('2002-04-01', 'YYYY-MM-DD'), NULL);

1 row created.

SQL> 
SQL> 
SQL> 
SQL> 
SQL> ALTER TABLE Poste
  2  ADD CONSTRAINT FK_Salle
  3  FOREIGN KEY (nSalle)
  4  REFERENCES Salle(nSalle);
ADD CONSTRAINT FK_Salle
               *
ERROR at line 2:
ORA-02298: cannot validate (SYS.FK_SALLE) - parent keys not found 


SQL> 
SQL> ALTER TABLE Poste
  2  ADD CONSTRAINT FK_Types
  3  FOREIGN KEY (typePoste)
  4  REFERENCES Types(tyoeLp);
REFERENCES Types(tyoeLp)
                 *
ERROR at line 4:
ORA-00904: "TYOELP": invalid identifier 


SQL> 
SQL> ALTER TABLE Poste
  2  ADD CONSTRAINT FK_Segment
  3  FOREIGN KEY (aIP)
  4  REFERENCES Segment(aIP);

Table altered.

SQL> 
SQL> ALTER TABLE Installer
  2  ADD CONSTRAINT FK_Poste
  3  FOREIGN KEY (nPoste)
  4  REFERENCES Poste(nPoste);
ADD CONSTRAINT FK_Poste
               *
ERROR at line 2:
ORA-02298: cannot validate (SYS.FK_POSTE) - parent keys not found 


SQL> 
SQL> ALTER TABLE Installer
  2  ADD CONSTRAINT FK_Logiciel
  3  FOREIGN KEY (nLog)
  4  REFERENCES Logiciel (nLog);

Table altered.

SQL> 
SQL> 
SQL> 
SQL> 
SQL> -- UPDATE Installer
SQL> -- SET delai1 =
SQL> --   TRUNC(MONTHS_BETWEEN(Installer.dateIns, (SELECT dateAch FROM Logiciel WHERE Logiciel.nLog = Installer.nLog)) / 12) || ' years, ' ||
SQL> --   TRUNC(MOD(MONTHS_BETWEEN(Installer.dateIns, (SELECT dateAch FROM Logiciel WHERE Logiciel.nLog = Installer.nLog)), 12)) || ' months, ' ||
SQL> --   TRUNC((Installer.dateIns - (SELECT dateAch FROM Logiciel WHERE Logiciel.nLog = Installer.nLog)) -
SQL> --   (TRUNC(MONTHS_BETWEEN(Installer.dateIns, (SELECT dateAch FROM Logiciel WHERE Logiciel.nLog = Installer.nLog)) / 12) * 365) -
SQL> --   (MOD(MONTHS_BETWEEN(Installer.dateIns, (SELECT dateAch FROM Logiciel WHERE Logiciel.nLog = Installer.nLog)), 12) * 30)) || ' days';
SQL> 
SQL> UPDATE Installer
  2  SET delai = NUMTOYMINTERVAL(MONTHS_BETWEEN(Installer.dateIns, (SELECT dateAch FROM Logiciel WHERE Logiciel.nLog = Installer.nLog)), 'MONTH');

11 rows updated.

SQL> spool off
